12:00:35 **** Incremental Build of configuration Debug for project lab2 ****
make -j4 all 
arm-none-eabi-gcc "../Core/Src/main.c" -mcpu=cortex-m4 -std=gnu11 -g3 -DDEBUG -DUSE_HAL_DRIVER -DSTM32G474xx -c -I../Core/Inc -I../Drivers/STM32G4xx_HAL_Driver/Inc -I../Drivers/STM32G4xx_HAL_Driver/Inc/Legacy -I../Drivers/CMSIS/Device/ST/STM32G4xx/Include -I../Drivers/CMSIS/Include -O0 -ffunction-sections -fdata-sections -Wall -fstack-usage -fcyclomatic-complexity -MMD -MP -MF"Core/Src/main.d" -MT"Core/Src/main.o" --specs=nano.specs -mfpu=fpv4-sp-d16 -mfloat-abi=hard -mthumb -o "Core/Src/main.o"
arm-none-eabi-gcc -o "lab2.elf" @"objects.list"   -mcpu=cortex-m4 -T"C:\Users\Students\Music\EMZ_FG\EMZ_2025_LAB\lab_2GF\lab2\STM32G474RETX_FLASH.ld" --specs=nosys.specs -Wl,-Map="lab2.map" -Wl,--gc-sections -static --specs=nano.specs -mfpu=fpv4-sp-d16 -mfloat-abi=hard -mthumb -Wl,--start-group -lc -lm -Wl,--end-group
Finished building target: lab2.elf
 
arm-none-eabi-size  lab2.elf 
arm-none-eabi-objdump -h -S lab2.elf  > "lab2.list"
   text	   data	    bss	    dec	    hex	filename
   6016	     12	   1572	   7600	   1db0	lab2.elf
Finished building: default.size.stdout
 
Finished building: lab2.list
 

12:00:36 Build Finished. 0 errors, 0 warnings. (took 762ms)

